{
  "graph": "boolean-union.bflow.json",
  "exports": ["step", "stl"],
  "allowMock": false
}
