{
  "graph": "enclosure.bflow.json",
  "exports": ["step", "stl"],
  "allowMock": false
}
