{
  "graph": "simple-box.bflow.json",
  "exports": ["step", "stl"],
  "allowMock": false
}
